Slurm job: 7951093
Host: c211-013.frontera.tacc.utexas.edu
Environment: /home1/09796/shuyuanfan4814/.conda/envs/carbon
Install log: /scratch2/09796/shuyuanfan4814/carbon/out/frontera-env.7951093.20260923T034659Z.wa1Qf8.log
Incomplete environment preserved: /home1/09796/shuyuanfan4814/.conda/envs/carbon.incomplete.ZDMOs7/prefix
Recreating: /home1/09796/shuyuanfan4814/.conda/envs/carbon
Collecting package metadata (current_repodata.json): ...working... done
Solving environment: ...working... done

## Package Plan ##

  environment location: /home1/09796/shuyuanfan4814/.conda/envs/carbon

  added / updated specs:
    - pip
    - python=3.11


The following NEW packages will be INSTALLED:

  _openmp_mutex      conda-forge/linux-64::_openmp_mutex-4.5-20_gnu
  bzip2              conda-forge/linux-64::bzip2-1.0.8-hda65f42_10
  ca-certificates    conda-forge/noarch::ca-certificates-2026.7.22-hbd8a1cb_0
  ld_impl_linux-64   conda-forge/linux-64::ld_impl_linux-64-2.46.1-default_hbd61a6d_102
  libexpat           conda-forge/linux-64::libexpat-2.8.4-hd2095e1_0
  libffi             conda-forge/linux-64::libffi-3.7.0-h81df57d_1
  libgcc             conda-forge/linux-64::libgcc-16.2.0-ha9f2e26_5
  libgomp            conda-forge/linux-64::libgomp-16.2.0-he0feb66_5
  liblzma            conda-forge/linux-64::liblzma-5.8.3-hb03c661_1
  libnsl             conda-forge/linux-64::libnsl-2.0.1-hb9d3cd8_1
  libpython          conda-forge/linux-64::libpython-3.11.16-h0c77377_2_cpython
  libsqlite          conda-forge/linux-64::libsqlite-3.53.4-h0737f62_1
  libstdcxx          conda-forge/linux-64::libstdcxx-16.2.0-h934c35e_5
  libuuid            conda-forge/linux-64::libuuid-2.42.4-hcfc3c73_0
  libxcrypt          conda-forge/linux-64::libxcrypt-4.4.38-h280c20c_0
  libzlib            conda-forge/linux-64::libzlib-1.3.2-h25fd6f3_3
  ncurses            conda-forge/linux-64::ncurses-6.6-hdb14827_1
  openssl            conda-forge/linux-64::openssl-3.6.4-h781a0a9_0
  packaging          conda-forge/noarch::packaging-26.3-pyhc364b38_0
  pip                conda-forge/noarch::pip-26.2.1-pyh8b19718_0
  python             conda-forge/linux-64::python-3.11.16-h5f976f7_2_cpython
  readline           conda-forge/linux-64::readline-8.3-hd6e31c0_1
  setuptools         conda-forge/noarch::setuptools-84.0.0-pyh332efcf_0
  tk                 conda-forge/linux-64::tk-8.6.13-noxft_h1df4ec4_4
  tzdata             conda-forge/noarch::tzdata-2026c-h151e31d_0
  wheel              conda-forge/noarch::wheel-0.48.0-pyhd8ed1ab_0
  zstd               conda-forge/linux-64::zstd-1.5.7-hb78ec9c_7


Preparing transaction: ...working... done
Verifying transaction: ...working... done
Executing transaction: ...working... done
#
# To activate this environment, use
#
#     $ conda activate /home1/09796/shuyuanfan4814/.conda/envs/carbon
#
# To deactivate an active environment, use
#
#     $ conda deactivate

3.11.16 (main, Sep  2 2026, 23:39:52) [GCC 15.3.0]
Looking in indexes: https://download.pytorch.org/whl/cpu
Collecting torch<3,>=2.6 (from -r requirements-p3.txt (line 3))
  Downloading torch-2.6.0%2Bcpu-cp311-cp311-linux_x86_64.whl.metadata (26 kB)
Collecting filelock (from torch<3,>=2.6->-r requirements-p3.txt (line 3))
  Downloading filelock-3.32.3-py3-none-any.whl.metadata (2.0 kB)
Collecting typing-extensions>=4.10.0 (from torch<3,>=2.6->-r requirements-p3.txt (line 3))
  Downloading typing_extensions-4.16.0-py3-none-any.whl.metadata (3.3 kB)
Collecting networkx (from torch<3,>=2.6->-r requirements-p3.txt (line 3))
  Downloading networkx-3.6.1-py3-none-any.whl.metadata (6.8 kB)
Collecting jinja2 (from torch<3,>=2.6->-r requirements-p3.txt (line 3))
  Downloading jinja2-3.1.6-py3-none-any.whl.metadata (2.9 kB)
Collecting fsspec (from torch<3,>=2.6->-r requirements-p3.txt (line 3))
  Downloading fsspec-2026.7.0-py3-none-any.whl.metadata (10 kB)
Collecting sympy==1.13.1 (from torch<3,>=2.6->-r requirements-p3.txt (line 3))
  Downloading sympy-1.13.1-py3-none-any.whl.metadata (12 kB)
Collecting mpmath<1.4,>=1.1.0 (from sympy==1.13.1->torch<3,>=2.6->-r requirements-p3.txt (line 3))
  Using cached mpmath-1.3.0-py3-none-any.whl.metadata (8.6 kB)
Collecting MarkupSafe>=2.0 (from jinja2->torch<3,>=2.6->-r requirements-p3.txt (line 3))
  Downloading markupsafe-3.0.3-cp311-cp311-manylinux2014_x86_64.manylinux_2_17_x86_64.manylinux_2_28_x86_64.whl.metadata (2.7 kB)
Downloading torch-2.6.0%2Bcpu-cp311-cp311-linux_x86_64.whl (178.7 MB)
   ━━━━━━━━━━━━━━━━━━━━━━━━━━━━━━━━━━━━━━━━ 178.7/178.7 MB 100.6 MB/s  0:00:01
Downloading sympy-1.13.1-py3-none-any.whl (6.2 MB)
   ━━━━━━━━━━━━━━━━━━━━━━━━━━━━━━━━━━━━━━━━ 6.2/6.2 MB 72.2 MB/s  0:00:00
Using cached mpmath-1.3.0-py3-none-any.whl (536 kB)
Downloading typing_extensions-4.16.0-py3-none-any.whl (45 kB)
Downloading filelock-3.32.3-py3-none-any.whl (98 kB)
Downloading fsspec-2026.7.0-py3-none-any.whl (206 kB)
Downloading jinja2-3.1.6-py3-none-any.whl (134 kB)
Downloading markupsafe-3.0.3-cp311-cp311-manylinux2014_x86_64.manylinux_2_17_x86_64.manylinux_2_28_x86_64.whl (22 kB)
Downloading networkx-3.6.1-py3-none-any.whl (2.1 MB)
   ━━━━━━━━━━━━━━━━━━━━━━━━━━━━━━━━━━━━━━━━ 2.1/2.1 MB 69.5 MB/s  0:00:00
Installing collected packages: mpmath, typing-extensions, sympy, networkx, MarkupSafe, fsspec, filelock, jinja2, torch

Successfully installed MarkupSafe-3.0.3 filelock-3.32.3 fsspec-2026.7.0 jinja2-3.1.6 mpmath-1.3.0 networkx-3.6.1 sympy-1.13.1 torch-2.6.0+cpu typing-extensions-4.16.0
Collecting scikit-learn==1.6.1 (from -r requirements-p2.txt (line 3))
  Downloading scikit_learn-1.6.1-cp311-cp311-manylinux_2_17_x86_64.manylinux2014_x86_64.whl.metadata (18 kB)
Collecting matplotlib<4,>=3.8 (from -r requirements-plots.txt (line 2))
  Downloading matplotlib-3.11.2-cp311-cp311-manylinux2014_x86_64.manylinux_2_17_x86_64.whl.metadata (80 kB)
Collecting numpy>=1.19.5 (from scikit-learn==1.6.1->-r requirements-p2.txt (line 3))
  Downloading numpy-2.2.6-cp311-cp311-manylinux_2_17_x86_64.manylinux2014_x86_64.whl.metadata (62 kB)
Collecting scipy>=1.6.0 (from scikit-learn==1.6.1->-r requirements-p2.txt (line 3))
  Downloading scipy-1.16.3-cp311-cp311-manylinux2014_x86_64.manylinux_2_17_x86_64.whl.metadata (62 kB)
Collecting joblib>=1.2.0 (from scikit-learn==1.6.1->-r requirements-p2.txt (line 3))
  Downloading joblib-1.6.0-py3-none-any.whl.metadata (6.5 kB)
Collecting threadpoolctl>=3.1.0 (from scikit-learn==1.6.1->-r requirements-p2.txt (line 3))
  Downloading threadpoolctl-3.7.0-py3-none-any.whl.metadata (24 kB)
Collecting contourpy>=1.0.1 (from matplotlib<4,>=3.8->-r requirements-plots.txt (line 2))
  Downloading contourpy-1.3.2-cp311-cp311-manylinux_2_17_x86_64.manylinux2014_x86_64.whl.metadata (5.5 kB)
Collecting cycler>=0.10 (from matplotlib<4,>=3.8->-r requirements-plots.txt (line 2))
  Using cached cycler-0.12.1-py3-none-any.whl.metadata (3.8 kB)
Collecting fonttools>=4.28.2 (from matplotlib<4,>=3.8->-r requirements-plots.txt (line 2))
  Downloading fonttools-4.65.0-cp311-cp311-manylinux2014_x86_64.manylinux_2_17_x86_64.whl.metadata (125 kB)
Collecting kiwisolver>=1.3.1 (from matplotlib<4,>=3.8->-r requirements-plots.txt (line 2))
  Downloading kiwisolver-1.5.1-cp311-cp311-manylinux2014_x86_64.manylinux_2_17_x86_64.whl.metadata (5.2 kB)
Requirement already satisfied: packaging>=20.0 in /home1/09796/shuyuanfan4814/.conda/envs/carbon/lib/python3.11/site-packages (from matplotlib<4,>=3.8->-r requirements-plots.txt (line 2)) (26.3)
Collecting pillow>=9 (from matplotlib<4,>=3.8->-r requirements-plots.txt (line 2))
  Downloading pillow-12.2.0-cp311-cp311-manylinux2014_x86_64.manylinux_2_17_x86_64.whl.metadata (8.8 kB)
Collecting pyparsing>=3 (from matplotlib<4,>=3.8->-r requirements-plots.txt (line 2))
  Downloading pyparsing-3.3.3-py3-none-any.whl.metadata (5.9 kB)
Collecting python-dateutil>=2.7 (from matplotlib<4,>=3.8->-r requirements-plots.txt (line 2))
  Using cached python_dateutil-2.9.0.post0-py2.py3-none-any.whl.metadata (8.4 kB)
Collecting cloudpickle>=3.0 (from joblib>=1.2.0->scikit-learn==1.6.1->-r requirements-p2.txt (line 3))
  Downloading cloudpickle-3.1.2-py3-none-any.whl.metadata (7.1 kB)
Collecting six>=1.5 (from python-dateutil>=2.7->matplotlib<4,>=3.8->-r requirements-plots.txt (line 2))
  Downloading six-1.17.0-py2.py3-none-any.whl.metadata (1.7 kB)
Downloading scikit_learn-1.6.1-cp311-cp311-manylinux_2_17_x86_64.manylinux2014_x86_64.whl (13.5 MB)
   ━━━━━━━━━━━━━━━━━━━━━━━━━━━━━━━━━━━━━━━━ 13.5/13.5 MB 69.2 MB/s  0:00:00
Downloading matplotlib-3.11.2-cp311-cp311-manylinux2014_x86_64.manylinux_2_17_x86_64.whl (9.9 MB)
   ━━━━━━━━━━━━━━━━━━━━━━━━━━━━━━━━━━━━━━━━ 9.9/9.9 MB 94.7 MB/s  0:00:00
Downloading contourpy-1.3.2-cp311-cp311-manylinux_2_17_x86_64.manylinux2014_x86_64.whl (326 kB)
Using cached cycler-0.12.1-py3-none-any.whl (8.3 kB)
Downloading fonttools-4.65.0-cp311-cp311-manylinux2014_x86_64.manylinux_2_17_x86_64.whl (5.5 MB)
   ━━━━━━━━━━━━━━━━━━━━━━━━━━━━━━━━━━━━━━━━ 5.5/5.5 MB 82.8 MB/s  0:00:00
Downloading joblib-1.6.0-py3-none-any.whl (306 kB)
Downloading cloudpickle-3.1.2-py3-none-any.whl (22 kB)
Downloading kiwisolver-1.5.1-cp311-cp311-manylinux2014_x86_64.manylinux_2_17_x86_64.whl (1.4 MB)
   ━━━━━━━━━━━━━━━━━━━━━━━━━━━━━━━━━━━━━━━━ 1.4/1.4 MB 59.8 MB/s  0:00:00
Downloading numpy-2.2.6-cp311-cp311-manylinux_2_17_x86_64.manylinux2014_x86_64.whl (16.8 MB)
   ━━━━━━━━━━━━━━━━━━━━━━━━━━━━━━━━━━━━━━━━ 16.8/16.8 MB 86.8 MB/s  0:00:00
Downloading pillow-12.2.0-cp311-cp311-manylinux2014_x86_64.manylinux_2_17_x86_64.whl (8.1 MB)
   ━━━━━━━━━━━━━━━━━━━━━━━━━━━━━━━━━━━━━━━━ 8.1/8.1 MB 93.0 MB/s  0:00:00
Downloading pyparsing-3.3.3-py3-none-any.whl (126 kB)
Using cached python_dateutil-2.9.0.post0-py2.py3-none-any.whl (229 kB)
Downloading scipy-1.16.3-cp311-cp311-manylinux2014_x86_64.manylinux_2_17_x86_64.whl (35.9 MB)
   ━━━━━━━━━━━━━━━━━━━━━━━━━━━━━━━━━━━━━━━━ 35.9/35.9 MB 72.0 MB/s  0:00:00
Downloading six-1.17.0-py2.py3-none-any.whl (11 kB)
Downloading threadpoolctl-3.7.0-py3-none-any.whl (26 kB)
Installing collected packages: threadpoolctl, six, pyparsing, pillow, numpy, kiwisolver, fonttools, cycler, cloudpickle, scipy, python-dateutil, joblib, contourpy, scikit-learn, matplotlib

Successfully installed cloudpickle-3.1.2 contourpy-1.3.2 cycler-0.12.1 fonttools-4.65.0 joblib-1.6.0 kiwisolver-1.5.1 matplotlib-3.11.2 numpy-2.2.6 pillow-12.2.0 pyparsing-3.3.3 python-dateutil-2.9.0.post0 scikit-learn-1.6.1 scipy-1.16.3 six-1.17.0 threadpoolctl-3.7.0
No broken requirements found.
Python: /home1/09796/shuyuanfan4814/.conda/envs/carbon/bin/python
torch: 2.6.0+cpu CUDA: None
sklearn: 1.6.1 scipy: 1.16.3 matplotlib: 3.11.2
Ready. Python: /home1/09796/shuyuanfan4814/.conda/envs/carbon/bin/python
Frozen packages: /home1/09796/shuyuanfan4814/.conda/envs/carbon/carbon-pip-freeze.txt
